09:09:09 | INFO | C:\Users\025863\Documents\ecossistema\aflmain\core\views.py changed, reloading.
09:13:52 | INFO | C:\Users\025863\Documents\ecossistema\aflmain\core\urls.py changed, reloading.
09:14:02 | INFO | C:\Users\025863\Documents\ecossistema\aflmain\core\urls.py changed, reloading.
09:14:19 | INFO | [ESTADO] -> INICIANDO
09:14:19 | INFO | [ESTADO] -> INICIANDO
09:14:26 | WARNING | Error sending stats to Plausible: error sending request for url (https://plausible.io/api/event)
09:14:27 | INFO | [ESTADO] -> VERIFICANDO_LOGIN
09:14:39 | INFO | [ESTADO] -> LOGADO
09:14:43 | INFO | [ESTADO] -> EXECUTANDO
09:15:04 | INFO | Abrindo produto: https://www.magazinevoce.com.br/magazineblackriseco/armario-de-cozinha-compacta-aramoveis-cleo-8-portas/p/235418000/mo/mcoz/
09:15:17 | INFO | OK | Preço anterior encontrado: R$ 680,00
09:15:17 | INFO | OK | Preço atual encontrado: ou R$ 522,49
09:15:33 | ERROR | Não foi possível clicar em 'Gerar link'. Produto: https://www.magazinevoce.com.br/magazineblackriseco/armario-de-cozinha-compacta-aramoveis-cleo-8-portas/p/235418000/mo/mcoz/ | Erro: Message: 

09:15:35 | INFO | Abrindo produto: https://www.magazinevoce.com.br/magazineblackriseco/armario-de-cozinha-compacta-rustic-preto-emilly-pop-madesa-xa/p/gb8e3b0ahd/mo/moac/
09:15:46 | INFO | OK | Preço anterior encontrado: R$ 889,99
09:15:46 | INFO | OK | Preço atual encontrado: ou R$ 710,99
09:15:46 | INFO | OK | Botão 'Gerar link' encontrado.
09:15:47 | INFO | OK | Botão 'Gerar link' clicado.
09:15:49 | INFO | OK | Link de afiliado obtido: https://magazineluiza.onelink.me/589508454/nk0eeuch
09:15:52 | INFO | Abrindo produto: https://www.magazinevoce.com.br/magazineblackriseco/armario-de-cozinha-compacto-8-portas-2-gavetass-com-nicho-vogue-kits-parana/p/jhfe09bh6k/mo/moac/
09:15:57 | INFO | OK | Preço anterior encontrado: R$ 615,88
09:15:57 | INFO | OK | Preço atual encontrado: ou R$ 431,11
09:15:57 | INFO | OK | Botão 'Gerar link' encontrado.
09:15:57 | INFO | OK | Botão 'Gerar link' clicado.
09:15:58 | INFO | OK | Link de afiliado obtido: https://magazineluiza.onelink.me/589508454/53vlf84b
09:16:01 | INFO | Abrindo produto: https://www.magazinevoce.com.br/magazineblackriseco/armario-de-cozinha-completa-com-armario-e-balcao-229cm-emilly-madesa/p/chk99b55ka/mo/moac/
09:16:07 | INFO | OK | Preço anterior encontrado: R$ 919,99
09:16:07 | INFO | OK | Preço atual encontrado: ou R$ 737,99
09:16:07 | INFO | OK | Botão 'Gerar link' encontrado.
09:16:07 | INFO | OK | Botão 'Gerar link' clicado.
09:16:09 | INFO | OK | Link de afiliado obtido: https://magazineluiza.onelink.me/589508454/delyqvg9
09:16:12 | INFO | Abrindo produto: https://www.magazinevoce.com.br/magazineblackriseco/armario-de-cozinha-aereo-itatiaia-rose-arm-105-3-portas-105x40cm/p/237989400/mo/moac/
09:16:18 | INFO | OK | Preço anterior encontrado: R$ 300,00
09:16:18 | INFO | OK | Preço atual encontrado: ou R$ 256,49
09:16:33 | ERROR | Não foi possível clicar em 'Gerar link'. Produto: https://www.magazinevoce.com.br/magazineblackriseco/armario-de-cozinha-aereo-itatiaia-rose-arm-105-3-portas-105x40cm/p/237989400/mo/moac/ | Erro: Message: 

09:16:36 | INFO | Abrindo produto: https://www.magazinevoce.com.br/magazineblackriseco/armario-de-cozinha-compacta-196cm-aura-madesa/p/bba6734eeh/mo/moac/
09:16:41 | INFO | OK | Preço anterior encontrado: R$ 799,99
09:16:41 | INFO | OK | Preço atual encontrado: ou R$ 611,99
09:16:41 | INFO | OK | Botão 'Gerar link' encontrado.
09:16:42 | INFO | OK | Botão 'Gerar link' clicado.
09:16:44 | INFO | OK | Link de afiliado obtido: https://magazineluiza.onelink.me/589508454/e1k0pbkp
09:16:47 | INFO | Abrindo produto: https://www.magazinevoce.com.br/magazineblackriseco/armario-de-cozinha-compacta-demobile-select-com-balcao-nicho-para-micro-ondas-6-portas-2-gavetas/p/234470600/mo/moac/
09:16:54 | INFO | OK | Preço anterior encontrado: R$ 1.099,00
09:16:54 | INFO | OK | Preço atual encontrado: ou R$ 759,99
09:17:10 | ERROR | Não foi possível clicar em 'Gerar link'. Produto: https://www.magazinevoce.com.br/magazineblackriseco/armario-de-cozinha-compacta-demobile-select-com-balcao-nicho-para-micro-ondas-6-portas-2-gavetas/p/234470600/mo/moac/ | Erro: Message: 

09:17:13 | INFO | Abrindo produto: https://www.magazinevoce.com.br/magazineblackriseco/armario-de-cozinha-compacta-itatiaia-amanda-aco-com-balcao-10-portas-1-gaveta/p/237989500/mo/moac/
09:17:18 | INFO | OK | Preço anterior encontrado: R$ 1.199,00
09:17:18 | INFO | OK | Preço atual encontrado: ou R$ 989,99
09:17:33 | ERROR | Não foi possível clicar em 'Gerar link'. Produto: https://www.magazinevoce.com.br/magazineblackriseco/armario-de-cozinha-compacta-itatiaia-amanda-aco-com-balcao-10-portas-1-gaveta/p/237989500/mo/moac/ | Erro: Message: 

09:17:36 | INFO | Abrindo produto: https://www.magazinevoce.com.br/magazineblackriseco/armario-de-cozinha-compacta-sofia-multimoveis-preta/p/cj42317a5a/mo/moac/
09:17:48 | INFO | OK | Preço atual encontrado: ou R$ 494,99
09:17:48 | INFO | OK | Botão 'Gerar link' encontrado.
09:17:49 | INFO | OK | Botão 'Gerar link' clicado.
09:17:51 | INFO | OK | Link de afiliado obtido: https://magazineluiza.onelink.me/589508454/ktwblbe0
09:17:54 | INFO | Abrindo produto: https://www.magazinevoce.com.br/magazineblackriseco/armario-de-cozinha-compacta-120cm-life-madesa/p/fd42g9196f/mo/moac/
09:18:02 | INFO | OK | Preço anterior encontrado: R$ 539,99
09:18:02 | INFO | OK | Preço atual encontrado: ou R$ 443,69
09:18:02 | INFO | OK | Botão 'Gerar link' encontrado.
09:18:02 | INFO | OK | Botão 'Gerar link' clicado.
09:18:04 | INFO | OK | Link de afiliado obtido: https://magazineluiza.onelink.me/589508454/c2ocbzve
09:18:07 | INFO | Abrindo produto: https://www.magazinevoce.com.br/magazineblackriseco/armario-de-cozinha-compacta-196cm-aura-madesa-xl/p/hd7fh94a6j/mo/moac/
09:18:15 | INFO | OK | Preço anterior encontrado: R$ 739,99
09:18:15 | INFO | OK | Preço atual encontrado: ou R$ 611,99
09:18:15 | INFO | OK | Botão 'Gerar link' encontrado.
09:18:16 | INFO | OK | Botão 'Gerar link' clicado.
09:18:17 | INFO | OK | Link de afiliado obtido: https://magazineluiza.onelink.me/589508454/xddw0uy8
09:18:20 | INFO | Abrindo produto: https://www.magazinevoce.com.br/magazineblackriseco/armario-de-cozinha-compacta-smart-multimoveis-mp2183/p/dac4chdd96/mo/moac/
09:18:34 | INFO | OK | Preço atual encontrado: ou R$ 594,99
09:18:34 | INFO | OK | Botão 'Gerar link' encontrado.
09:18:35 | INFO | OK | Botão 'Gerar link' clicado.
09:18:36 | INFO | OK | Link de afiliado obtido: https://magazineluiza.onelink.me/589508454/ey1ubse9
11:23:37 | WARNING | Not Found: /favicon.ico
11:24:12 | INFO | [ESTADO] -> INICIANDO
11:24:12 | INFO | [ESTADO] -> INICIANDO
11:24:22 | WARNING | Error sending stats to Plausible: error sending request for url (https://plausible.io/api/event)
11:24:23 | INFO | [ESTADO] -> VERIFICANDO_LOGIN
11:24:38 | INFO | [ESTADO] -> AGUARDANDO_LOGIN
11:24:48 | INFO | [ESTADO] -> LOGADO
11:24:52 | INFO | [ESTADO] -> EXECUTANDO
11:25:12 | INFO | Abrindo produto: https://www.magazinevoce.com.br/magazineblackriseco/armario-de-cozinha-compacta-aramoveis-cleo-8-portas/p/235418000/mo/mcoz/
11:25:23 | INFO | OK | Preço anterior encontrado: R$ 680,00
11:25:24 | INFO | OK | Preço atual encontrado: ou R$ 522,49
11:25:39 | ERROR | Não foi possível clicar em 'Gerar link'. Produto: https://www.magazinevoce.com.br/magazineblackriseco/armario-de-cozinha-compacta-aramoveis-cleo-8-portas/p/235418000/mo/mcoz/ | Erro: Message: 

11:25:42 | INFO | Abrindo produto: https://www.magazinevoce.com.br/magazineblackriseco/armario-de-cozinha-aereo-itatiaia-rose-arm-105-3-portas-105x40cm/p/237989400/mo/moac/
11:25:50 | INFO | OK | Preço anterior encontrado: R$ 300,00
11:25:50 | INFO | OK | Preço atual encontrado: ou R$ 256,49
11:31:39 | INFO | C:\Users\025863\Documents\ecossistema\aflmain\core\views.py changed, reloading.
11:34:26 | INFO | C:\Users\025863\Documents\ecossistema\aflmain\core\urls.py changed, reloading.
11:36:07 | INFO | [ESTADO] -> INICIANDO
11:36:07 | INFO | [ESTADO] -> INICIANDO
11:36:09 | INFO | [ESTADO] -> VERIFICANDO_LOGIN
11:36:25 | INFO | [ESTADO] -> LOGADO
11:36:29 | INFO | [ESTADO] -> EXECUTANDO
11:36:40 | INFO | Abrindo produto: https://www.magazinevoce.com.br/magazineblackriseco/armario-de-cozinha-compacta-aramoveis-cleo-8-portas/p/235418000/mo/mcoz/
11:36:47 | INFO | OK | Preço anterior encontrado: R$ 680,00
11:36:47 | INFO | OK | Preço atual encontrado: ou R$ 522,49
11:37:03 | ERROR | Não foi possível clicar em 'Gerar link'. Produto: https://www.magazinevoce.com.br/magazineblackriseco/armario-de-cozinha-compacta-aramoveis-cleo-8-portas/p/235418000/mo/mcoz/ | Erro: Message: 

11:37:06 | INFO | Abrindo produto: https://www.magazinevoce.com.br/magazineblackriseco/armario-de-cozinha-aereo-itatiaia-rose-arm-105-3-portas-105x40cm/p/237989400/mo/moac/
11:37:11 | INFO | OK | Preço anterior encontrado: R$ 300,00
11:37:11 | INFO | OK | Preço atual encontrado: ou R$ 256,49
11:37:26 | ERROR | Não foi possível clicar em 'Gerar link'. Produto: https://www.magazinevoce.com.br/magazineblackriseco/armario-de-cozinha-aereo-itatiaia-rose-arm-105-3-portas-105x40cm/p/237989400/mo/moac/ | Erro: Message: 

11:37:30 | INFO | Abrindo produto: https://www.magazinevoce.com.br/magazineblackriseco/armario-de-cozinha-compacta-demobile-select-com-balcao-nicho-para-micro-ondas-6-portas-2-gavetas/p/234470600/mo/moac/
11:37:40 | INFO | OK | Preço anterior encontrado: R$ 1.099,00
11:37:40 | INFO | OK | Preço atual encontrado: ou R$ 759,99
11:37:55 | ERROR | Não foi possível clicar em 'Gerar link'. Produto: https://www.magazinevoce.com.br/magazineblackriseco/armario-de-cozinha-compacta-demobile-select-com-balcao-nicho-para-micro-ondas-6-portas-2-gavetas/p/234470600/mo/moac/ | Erro: Message: 

11:42:31 | INFO | [ESTADO] -> INICIANDO
11:42:31 | INFO | [ESTADO] -> INICIANDO
11:42:33 | INFO | [ESTADO] -> VERIFICANDO_LOGIN
11:42:49 | INFO | [ESTADO] -> LOGADO
11:43:03 | INFO | [ESTADO] -> EXECUTANDO
11:43:18 | INFO | Abrindo produto: https://www.magazinevoce.com.br/magazineblackriseco/jogo-marvels-spider-man-2-playstation-5/p/237987800/ga/jgpn/
11:43:29 | INFO | OK | Preço anterior encontrado: R$ 299,90
11:43:29 | INFO | OK | Preço atual encontrado: ou R$ 188,95
11:43:44 | ERROR | Não foi possível clicar em 'Gerar link'. Produto: https://www.magazinevoce.com.br/magazineblackriseco/jogo-marvels-spider-man-2-playstation-5/p/237987800/ga/jgpn/ | Erro: Message: 

11:43:48 | INFO | Abrindo produto: https://www.magazinevoce.com.br/magazineblackriseco/jogo-the-last-of-us-2-remastered-ps5-midia-fisica-portugues-playstation/p/ce09340880/ga/jaco/
11:44:03 | INFO | OK | Preço atual encontrado: ou R$ 353,31
11:44:03 | INFO | OK | Botão 'Gerar link' encontrado.
11:44:04 | INFO | OK | Botão 'Gerar link' clicado.
11:44:04 | INFO | OK | Link de afiliado obtido: https://magazineluiza.onelink.me/589508454/qneyhr8v
11:44:06 | INFO | Abrindo produto: https://www.magazinevoce.com.br/magazineblackriseco/red-dead-redemption-2-ps4-midia-fisica-playstation/p/ad1ahb77jj/ga/jgpn/
11:44:20 | INFO | OK | Preço atual encontrado: ou R$ 149,57
11:44:20 | INFO | OK | Botão 'Gerar link' encontrado.
11:44:20 | INFO | OK | Botão 'Gerar link' clicado.
11:44:21 | INFO | OK | Link de afiliado obtido: https://magazineluiza.onelink.me/589508454/n5b734fm
11:44:25 | INFO | Abrindo produto: https://www.magazinevoce.com.br/magazineblackriseco/jogo-a-ascensao-do-ronin-standard-edition-playstation-5-midia-fisica-sony/p/kff933d4d0/ga/jgpn/
11:44:32 | INFO | OK | Preço anterior encontrado: R$ 299,90
11:44:32 | INFO | OK | Preço atual encontrado: ou R$ 199,90
11:44:32 | INFO | OK | Botão 'Gerar link' encontrado.
11:44:33 | INFO | OK | Botão 'Gerar link' clicado.
11:44:34 | INFO | OK | Link de afiliado obtido: https://magazineluiza.onelink.me/589508454/xty5v84b
11:44:37 | INFO | Abrindo produto: https://www.magazinevoce.com.br/magazineblackriseco/dark-souls-trilogy-ps4-eur-midia-fisica-playstation/p/cj01h4b5f5/ga/drks/
11:44:46 | INFO | OK | Preço atual encontrado: ou R$ 255,17
11:44:46 | INFO | OK | Botão 'Gerar link' encontrado.
11:44:47 | INFO | OK | Botão 'Gerar link' clicado.
11:44:48 | INFO | OK | Link de afiliado obtido: https://magazineluiza.onelink.me/589508454/ewhxp8dt
11:44:51 | INFO | Abrindo produto: https://www.magazinevoce.com.br/magazineblackriseco/call-of-duty-black-ops-7-ps5-midia-fisica-playstation/p/hgjjhdd2fh/ga/otga/
11:45:00 | INFO | OK | Preço atual encontrado: ou R$ 299,17
11:45:00 | INFO | OK | Botão 'Gerar link' encontrado.
11:45:00 | INFO | OK | Botão 'Gerar link' clicado.
11:45:02 | INFO | OK | Link de afiliado obtido: https://magazineluiza.onelink.me/589508454/39bdkhei
11:45:04 | INFO | Abrindo produto: https://www.magazinevoce.com.br/magazineblackriseco/just-dance-2020-para-ps4-ubisoft/p/043184800/ga/juda/
11:45:13 | INFO | OK | Preço anterior encontrado: R$ 179,90
11:45:13 | INFO | OK | Preço atual encontrado: ou R$ 138,70
11:45:28 | ERROR | Não foi possível clicar em 'Gerar link'. Produto: https://www.magazinevoce.com.br/magazineblackriseco/just-dance-2020-para-ps4-ubisoft/p/043184800/ga/juda/ | Erro: Message: 

11:45:31 | INFO | Abrindo produto: https://www.magazinevoce.com.br/magazineblackriseco/cuphead-ps4-midia-fisica-playstation/p/cj978d3ggk/ga/javt/
11:45:43 | INFO | OK | Preço atual encontrado: ou R$ 167,17
11:45:43 | INFO | OK | Botão 'Gerar link' encontrado.
11:45:43 | INFO | OK | Botão 'Gerar link' clicado.
11:45:47 | INFO | OK | Link de afiliado obtido: https://magazineluiza.onelink.me/589508454/p8eprtwv
11:45:49 | INFO | Abrindo produto: https://www.magazinevoce.com.br/magazineblackriseco/warhammer-40000-space-marine-2-ps5-midia-fisica-playstation/p/jekd3b6k8k/ga/jgpn/
11:46:02 | INFO | OK | Preço atual encontrado: ou R$ 219,97
11:46:02 | INFO | OK | Botão 'Gerar link' encontrado.
11:46:03 | INFO | OK | Botão 'Gerar link' clicado.
11:46:04 | INFO | OK | Link de afiliado obtido: https://magazineluiza.onelink.me/589508454/r2tgyxd1
11:46:07 | INFO | Abrindo produto: https://www.magazinevoce.com.br/magazineblackriseco/jogo-de-video-atari-stuntman-playstation-2-novo/p/fg3212d6h6/ga/jgpn/
11:46:12 | INFO | OK | Preço anterior encontrado: R$ 329,17
11:46:12 | INFO | OK | Preço atual encontrado: ou R$ 310,34
11:46:12 | INFO | OK | Botão 'Gerar link' encontrado.
11:46:12 | INFO | OK | Botão 'Gerar link' clicado.
11:46:14 | INFO | OK | Link de afiliado obtido: https://magazineluiza.onelink.me/589508454/wgb0yqne
11:46:16 | INFO | Abrindo produto: https://www.magazinevoce.com.br/magazineblackriseco/videogame-cuphead-playstation-4-com-cooperacao-local-para-2-jogadores-iam8bit/p/khbfkdg8h9/ga/jgpn/
11:46:21 | INFO | OK | Preço anterior encontrado: R$ 343,74
11:46:21 | INFO | OK | Preço atual encontrado: ou R$ 320,86
11:46:21 | INFO | OK | Botão 'Gerar link' encontrado.
11:46:22 | INFO | OK | Botão 'Gerar link' clicado.
11:46:23 | INFO | OK | Link de afiliado obtido: https://magazineluiza.onelink.me/589508454/7ffkmllk
11:46:26 | INFO | Abrindo produto: https://www.magazinevoce.com.br/magazineblackriseco/jogo-eletronico-jurassic-world-evolution-2-playstation-5-sold-out/p/dfebch02e3/ga/jgpn/
11:46:34 | INFO | OK | Preço anterior encontrado: R$ 380,46
11:46:34 | INFO | OK | Preço atual encontrado: ou R$ 357,68
11:46:34 | INFO | OK | Botão 'Gerar link' encontrado.
11:46:35 | INFO | OK | Botão 'Gerar link' clicado.
11:46:36 | INFO | OK | Link de afiliado obtido: https://magazineluiza.onelink.me/589508454/d9lx7ab7
11:46:40 | INFO | Abrindo produto: https://www.magazinevoce.com.br/magazineblackriseco/jogo-eletronico-sniper-ghost-warrior-contracts-2-playstation-5-ci-games/p/cj7b8bdj58/ga/jgpn/
11:46:50 | INFO | OK | Preço anterior encontrado: R$ 312,18
11:46:50 | INFO | OK | Preço atual encontrado: ou R$ 268,26
11:46:50 | INFO | OK | Botão 'Gerar link' encontrado.
11:46:50 | INFO | OK | Botão 'Gerar link' clicado.
11:46:51 | INFO | OK | Link de afiliado obtido: https://magazineluiza.onelink.me/589508454/jrrco1wt
11:46:54 | INFO | Abrindo produto: https://www.magazinevoce.com.br/magazineblackriseco/jogo-de-video-lego-marvel-superheroes-2-playstation-4-wb-games/p/hc56bd1186/ga/lego/
11:46:58 | INFO | OK | Preço anterior encontrado: R$ 260,37
11:46:58 | INFO | OK | Preço atual encontrado: ou R$ 241,96
11:46:58 | INFO | OK | Botão 'Gerar link' encontrado.
11:46:58 | INFO | OK | Botão 'Gerar link' clicado.
11:47:00 | INFO | OK | Link de afiliado obtido: https://magazineluiza.onelink.me/589508454/f2k5xcdp
11:47:03 | INFO | Abrindo produto: https://www.magazinevoce.com.br/magazineblackriseco/videogame-capcom-resident-evil-2-para-playstation-5/p/jh5f76kc85/ga/jgpn/
11:47:09 | INFO | OK | Preço anterior encontrado: R$ 234,91
11:47:09 | INFO | OK | Preço atual encontrado: ou R$ 215,66
11:47:09 | INFO | OK | Botão 'Gerar link' encontrado.
11:47:10 | INFO | OK | Botão 'Gerar link' clicado.
11:47:11 | INFO | OK | Link de afiliado obtido: https://magazineluiza.onelink.me/589508454/xydrpaj6
11:47:14 | INFO | Abrindo produto: https://www.magazinevoce.com.br/magazineblackriseco/invincible-vs-ps5-midia-fisica-playstation/p/cbe84efc59/ga/jgpn/
11:47:26 | INFO | OK | Preço atual encontrado: ou R$ 263,97
11:47:26 | INFO | OK | Botão 'Gerar link' encontrado.
11:47:27 | INFO | OK | Botão 'Gerar link' clicado.
11:47:28 | INFO | OK | Link de afiliado obtido: https://magazineluiza.onelink.me/589508454/fqpnwh5s
11:47:31 | INFO | Abrindo produto: https://www.magazinevoce.com.br/magazineblackriseco/destroy-all-humans-2-reprobed-ps5-eur-midia-fisica-playstation/p/ja5k6k1e79/ga/jgpn/
11:47:43 | INFO | OK | Preço atual encontrado: R$ 114,37
11:47:43 | INFO | OK | Botão 'Gerar link' encontrado.
11:47:43 | INFO | OK | Botão 'Gerar link' clicado.
11:47:45 | INFO | OK | Link de afiliado obtido: https://magazineluiza.onelink.me/589508454/r1u2lhik
11:47:48 | INFO | Abrindo produto: https://www.magazinevoce.com.br/magazineblackriseco/jogo-eletronico-marvel-s-spider-man-2-playstation/p/ja6626h7c9/ga/jaco/
11:47:57 | INFO | OK | Preço anterior encontrado: R$ 563,03
11:47:57 | INFO | OK | Preço atual encontrado: ou R$ 536,52
11:47:57 | INFO | OK | Botão 'Gerar link' encontrado.
11:47:57 | INFO | OK | Botão 'Gerar link' clicado.
11:47:59 | INFO | OK | Link de afiliado obtido: https://magazineluiza.onelink.me/589508454/l5t4c571
11:48:01 | INFO | Abrindo produto: https://www.magazinevoce.com.br/magazineblackriseco/jogo-de-video-atari-backyard-basketball-playstation-2/p/heckjc2486/ga/jgpn/
11:48:05 | INFO | OK | Preço anterior encontrado: R$ 271,63
11:48:05 | INFO | OK | Preço atual encontrado: ou R$ 247,22
11:48:05 | INFO | OK | Botão 'Gerar link' encontrado.
11:48:06 | INFO | OK | Botão 'Gerar link' clicado.
11:48:07 | INFO | OK | Link de afiliado obtido: https://magazineluiza.onelink.me/589508454/wijvfa2t
11:48:10 | INFO | Abrindo produto: https://www.magazinevoce.com.br/magazineblackriseco/fatal-fury-city-of-the-wolves-special-edition-ps4-midia-fisica-playstation/p/bebk01hgf2/ga/jgpn/
11:48:19 | INFO | OK | Preço atual encontrado: ou R$ 184,77
11:48:19 | INFO | OK | Botão 'Gerar link' encontrado.
11:48:19 | INFO | OK | Botão 'Gerar link' clicado.
11:48:21 | INFO | OK | Link de afiliado obtido: https://magazineluiza.onelink.me/589508454/u4mdrexd
11:48:24 | INFO | [ESTADO] -> FINALIZADO
