22:46:45 | INFO | [ESTADO] -> INICIANDO
22:47:22 | INFO | [ESTADO] -> VERIFICANDO_LOGIN
22:47:24 | INFO | [ESTADO] -> LOGADO
22:47:24 | INFO | [ESTADO] -> EXECUTANDO
22:47:35 | INFO | Abrindo produto: https://www.magazinevoce.com.br/magazineblackriseco/guarda-roupa-de-casal-6-portas-e-guarda-roupa-de-casal-lite-6-portas-para-quarto-grande-com-cabideiro-prateleiras-e-gavetas-cor-off-white-e-2-gavetas-maxi-do-brasil/p/ej891ba89k/mo/guro/
22:47:41 | INFO | OK | Preço anterior encontrado: R$ 899,90
22:47:41 | INFO | OK | Preço atual encontrado: ou R$ 759,91
22:47:56 | ERROR | Não foi possível clicar em 'Gerar link'. Produto: https://www.magazinevoce.com.br/magazineblackriseco/guarda-roupa-de-casal-6-portas-e-guarda-roupa-de-casal-lite-6-portas-para-quarto-grande-com-cabideiro-prateleiras-e-gavetas-cor-off-white-e-2-gavetas-maxi-do-brasil/p/ej891ba89k/mo/guro/ | Erro: Message: 
Stacktrace:
	chromedriver!GetHandleVerifier [0x7ff7205cabb5+151b5]
	chromedriver!GetHandleVerifier [0x7ff7205cac10+15210]
	chromedriver!(No symbol) [0x7ff7200f5d6d]
	chromedriver!(No symbol) [0x7ff720151289]
	chromedriver!(No symbol) [0x7ff72015158c]
	chromedriver!(No symbol) [0x7ff7201a2027]
	chromedriver!(No symbol) [0x7ff72019ec0b]
	chromedriver!(No symbol) [0x7ff7201437cc]
	chromedriver!(No symbol) [0x7ff7201446f3]
	chromedriver!GetHandleVerifier [0x7ff720beb79b+635d9b]
	chromedriver!GetHandleVerifier [0x7ff720be5ac6+6300c6]
	chromedriver!GetHandleVerifier [0x7ff720c0bcee+6562ee]
	chromedriver!GetHandleVerifier [0x7ff7205e8ffe+335fe]
	chromedriver!GetHandleVerifier [0x7ff7205f147c+3ba7c]
	chromedriver!GetHandleVerifier [0x7ff7205d4d64+1f364]
	chromedriver!GetHandleVerifier [0x7ff7205d4ef4+1f4f4]
	chromedriver!GetHandleVerifier [0x7ff7205b7d97+2397]
	KERNEL32!BaseThreadInitThunk [0x7ff83bc77374+14]
	ntdll!RtlUserThreadStart [0x7ff83ccfcc91+21]

22:48:00 | INFO | Abrindo produto: https://www.magazinevoce.com.br/magazineblackriseco/quarto-de-bebe-completo-com-berco-comoda-e-guarda-roupa-henn-ternura-branco-e-jequitiba/p/238472900/mo/qdbc/
22:48:05 | INFO | OK | Preço anterior encontrado: R$ 2.849,90
22:48:05 | INFO | OK | Preço atual encontrado: ou R$ 1.879,92
22:48:21 | ERROR | Não foi possível clicar em 'Gerar link'. Produto: https://www.magazinevoce.com.br/magazineblackriseco/quarto-de-bebe-completo-com-berco-comoda-e-guarda-roupa-henn-ternura-branco-e-jequitiba/p/238472900/mo/qdbc/ | Erro: Message: 
Stacktrace:
	chromedriver!GetHandleVerifier [0x7ff7205cabb5+151b5]
	chromedriver!GetHandleVerifier [0x7ff7205cac10+15210]
	chromedriver!(No symbol) [0x7ff7200f5d6d]
	chromedriver!(No symbol) [0x7ff720151289]
	chromedriver!(No symbol) [0x7ff72015158c]
	chromedriver!(No symbol) [0x7ff7201a2027]
	chromedriver!(No symbol) [0x7ff72019ec0b]
	chromedriver!(No symbol) [0x7ff7201437cc]
	chromedriver!(No symbol) [0x7ff7201446f3]
	chromedriver!GetHandleVerifier [0x7ff720beb79b+635d9b]
	chromedriver!GetHandleVerifier [0x7ff720be5ac6+6300c6]
	chromedriver!GetHandleVerifier [0x7ff720c0bcee+6562ee]
	chromedriver!GetHandleVerifier [0x7ff7205e8ffe+335fe]
	chromedriver!GetHandleVerifier [0x7ff7205f147c+3ba7c]
	chromedriver!GetHandleVerifier [0x7ff7205d4d64+1f364]
	chromedriver!GetHandleVerifier [0x7ff7205d4ef4+1f4f4]
	chromedriver!GetHandleVerifier [0x7ff7205b7d97+2397]
	KERNEL32!BaseThreadInitThunk [0x7ff83bc77374+14]
	ntdll!RtlUserThreadStart [0x7ff83ccfcc91+21]

22:48:28 | INFO | Abrindo produto: https://www.magazinevoce.com.br/magazineblackriseco/quarto-de-bebe-completo-com-berco-comoda-e-guarda-roupa-henn-bala-de-menta-rustico-e-branco/p/238473000/mo/qdbc/
22:48:33 | INFO | OK | Preço anterior encontrado: R$ 2.089,90
22:48:33 | INFO | OK | Preço atual encontrado: ou R$ 1.519,99
22:48:34 | INFO | [ESTADO] -> PARADO
22:49:50 | INFO | [ESTADO] -> INICIANDO
22:49:56 | INFO | [ESTADO] -> VERIFICANDO_LOGIN
22:49:56 | INFO | [ESTADO] -> LOGADO
22:49:56 | INFO | [ESTADO] -> EXECUTANDO
22:50:04 | INFO | Abrindo produto: https://www.magazinevoce.com.br/magazineblackriseco/rack-sala-turim-para-tv-ate-65-polegadas-com-pes-madeira-moveis-bechara/p/bd54f5g74k/mo/racm/
22:50:13 | INFO | OK | Preço atual encontrado: ou R$ 367,83
22:50:29 | ERROR | Não foi possível clicar em 'Gerar link'. Produto: https://www.magazinevoce.com.br/magazineblackriseco/rack-sala-turim-para-tv-ate-65-polegadas-com-pes-madeira-moveis-bechara/p/bd54f5g74k/mo/racm/ | Erro: Message: 
Stacktrace:
	chromedriver!GetHandleVerifier [0x7ff7205cabb5+151b5]
	chromedriver!GetHandleVerifier [0x7ff7205cac10+15210]
	chromedriver!(No symbol) [0x7ff7200f5d6d]
	chromedriver!(No symbol) [0x7ff720151289]
	chromedriver!(No symbol) [0x7ff72015158c]
	chromedriver!(No symbol) [0x7ff7201a2027]
	chromedriver!(No symbol) [0x7ff72019ec0b]
	chromedriver!(No symbol) [0x7ff7201437cc]
	chromedriver!(No symbol) [0x7ff7201446f3]
	chromedriver!GetHandleVerifier [0x7ff720beb79b+635d9b]
	chromedriver!GetHandleVerifier [0x7ff720be5ac6+6300c6]
	chromedriver!GetHandleVerifier [0x7ff720c0bcee+6562ee]
	chromedriver!GetHandleVerifier [0x7ff7205e8ffe+335fe]
	chromedriver!GetHandleVerifier [0x7ff7205f147c+3ba7c]
	chromedriver!GetHandleVerifier [0x7ff7205d4d64+1f364]
	chromedriver!GetHandleVerifier [0x7ff7205d4ef4+1f4f4]
	chromedriver!GetHandleVerifier [0x7ff7205b7d97+2397]
	KERNEL32!BaseThreadInitThunk [0x7ff83bc77374+14]
	ntdll!RtlUserThreadStart [0x7ff83ccfcc91+21]

22:50:31 | INFO | Abrindo produto: https://www.magazinevoce.com.br/magazineblackriseco/rack-sala-rubi-1-2-para-tv-ate-50-2-portas-pe-madeira-macica-moveis-bechara/p/feb36akh4g/mo/racm/
22:50:40 | INFO | OK | Preço atual encontrado: ou R$ 316,00
22:50:51 | INFO | [ESTADO] -> PARADO
23:01:31 | INFO | [ESTADO] -> INICIANDO
23:01:33 | INFO | [ESTADO] -> VERIFICANDO_LOGIN
23:01:38 | INFO | [ESTADO] -> AGUARDANDO_LOGIN
23:02:07 | INFO | [ESTADO] -> LOGADO
23:02:12 | INFO | [ESTADO] -> EXECUTANDO
23:02:20 | INFO | Abrindo produto: https://www.magazinevoce.com.br/magazineblackriseco/rack-sala-turim-para-tv-ate-65-polegadas-com-pes-madeira-moveis-bechara/p/bd54f5g74k/mo/racm/
23:02:31 | INFO | OK | Preço atual encontrado: ou R$ 367,83
23:02:31 | INFO | OK | Botão 'Gerar link' encontrado.
23:02:32 | INFO | OK | Botão 'Gerar link' clicado.
23:02:32 | INFO | OK | Link de afiliado obtido: https://magazineluiza.onelink.me/589508454/7r5wyofp
23:02:36 | INFO | Abrindo produto: https://www.magazinevoce.com.br/magazineblackriseco/rack-sala-rubi-1-2-para-tv-ate-50-2-portas-pe-madeira-macica-moveis-bechara/p/feb36akh4g/mo/racm/
23:02:46 | INFO | OK | Preço atual encontrado: ou R$ 316,00
23:02:46 | INFO | OK | Botão 'Gerar link' encontrado.
23:02:46 | INFO | OK | Botão 'Gerar link' clicado.
23:02:47 | INFO | OK | Link de afiliado obtido: https://magazineluiza.onelink.me/589508454/l83rpea8
23:02:50 | INFO | Abrindo produto: https://www.magazinevoce.com.br/magazineblackriseco/rack-para-sala-tv-ate-75-polegadas-2-portas-1-gaveta-reims-madesa/p/gjh61f407b/mo/racm/
23:02:56 | INFO | OK | Preço anterior encontrado: R$ 549,99
23:02:56 | INFO | OK | Preço atual encontrado: ou R$ 431,99
23:02:56 | INFO | OK | Botão 'Gerar link' encontrado.
23:02:56 | INFO | OK | Botão 'Gerar link' clicado.
23:02:58 | INFO | OK | Link de afiliado obtido: https://magazineluiza.onelink.me/589508454/cqswnra3
23:03:02 | INFO | Abrindo produto: https://www.magazinevoce.com.br/magazineblackriseco/rack-sala-florenca-para-tv-ate-70-polegadas-com-pes-madeira-moveis-bechara/p/ghge305f23/mo/racm/
23:03:12 | INFO | OK | Preço atual encontrado: ou R$ 459,79
23:03:12 | INFO | OK | Botão 'Gerar link' encontrado.
23:03:13 | INFO | OK | Botão 'Gerar link' clicado.
23:03:14 | INFO | OK | Link de afiliado obtido: https://magazineluiza.onelink.me/589508454/m2oxm9xr
23:03:17 | INFO | Abrindo produto: https://www.magazinevoce.com.br/magazineblackriseco/rack-bancada-sala-de-estar-para-tv-50-55-60-70-polegadas-sevilla-movelove-2-portas-1-gaveta-lukaliam-moveis/p/dkd57akc0d/mo/racm/
23:03:29 | INFO | OK | Preço atual encontrado: ou R$ 478,63
23:03:29 | INFO | OK | Botão 'Gerar link' encontrado.
23:03:30 | INFO | OK | Botão 'Gerar link' clicado.
23:03:31 | INFO | OK | Link de afiliado obtido: https://magazineluiza.onelink.me/589508454/evry4ftu
23:03:34 | INFO | Abrindo produto: https://www.magazinevoce.com.br/magazineblackriseco/rack-sala-estar-tv-55-polegadas-madeira-white-organizador-deltre/p/bejf052e58/mo/racm/
23:03:42 | INFO | OK | Preço anterior encontrado: R$ 424,05
23:03:42 | INFO | OK | Preço atual encontrado: ou R$ 352,74
23:03:42 | INFO | OK | Botão 'Gerar link' encontrado.
23:03:43 | INFO | OK | Botão 'Gerar link' clicado.
23:03:44 | INFO | OK | Link de afiliado obtido: https://magazineluiza.onelink.me/589508454/uo7gslz7
23:03:46 | INFO | Abrindo produto: https://www.magazinevoce.com.br/magazineblackriseco/rack-para-sala-estar-malbec-wood-tv-ate-55-giga-moveis/p/kkf5ac5f1g/mo/racm/
23:03:58 | INFO | OK | Preço atual encontrado: ou R$ 284,99
23:03:58 | INFO | OK | Botão 'Gerar link' encontrado.
23:03:59 | INFO | OK | Botão 'Gerar link' clicado.
23:04:00 | INFO | OK | Link de afiliado obtido: https://magazineluiza.onelink.me/589508454/ewlj7a7c
23:04:03 | INFO | Abrindo produto: https://www.magazinevoce.com.br/magazineblackriseco/rack-home-classic-decoracao-casa-apartamento-pequeno-sala-estar-quarto-tv-32-polegadas-2-portas-lojas-comprou-chegou/p/bhf9h539g9/mo/racm/
23:04:09 | INFO | OK | Preço anterior encontrado: R$ 299,90
23:04:09 | INFO | OK | Preço atual encontrado: ou R$ 218,37
23:04:09 | INFO | OK | Botão 'Gerar link' encontrado.
23:04:10 | INFO | OK | Botão 'Gerar link' clicado.
23:04:12 | INFO | OK | Link de afiliado obtido: https://magazineluiza.onelink.me/589508454/r2pefg97
23:04:15 | INFO | Abrindo produto: https://www.magazinevoce.com.br/magazineblackriseco/rack-prateleira-bancada-sala-tv-90-cm-pe-retro-regulaveis-digo-casa/p/da31jaj2j7/mo/racm/
23:04:19 | INFO | [ESTADO] -> PARADO
