10:27:39 | INFO | Abrindo produto: https://www.magazinevoce.com.br/magazineblackriseco/rack-sala-turim-para-tv-ate-65-polegadas-com-pes-madeira-moveis-bechara/p/bd54f5g74k/mo/racm/
10:27:48 | INFO | OK | Botão 'Gerar link' encontrado.
10:27:49 | INFO | OK | Botão 'Gerar link' clicado.
10:27:50 | INFO | OK | Link de afiliado obtido: https://magazineluiza.onelink.me/589508454/fxc1sisc
10:27:53 | INFO | Abrindo produto: https://www.magazinevoce.com.br/magazineblackriseco/rack-para-sala-tv-ate-75-polegadas-2-portas-1-gaveta-reims-madesa/p/gjh61f407b/mo/racm/
10:27:59 | INFO | OK | Botão 'Gerar link' encontrado.
10:27:59 | INFO | OK | Botão 'Gerar link' clicado.
10:28:00 | INFO | OK | Link de afiliado obtido: https://magazineluiza.onelink.me/589508454/hdhpy2gg
10:28:04 | INFO | Abrindo produto: https://www.magazinevoce.com.br/magazineblackriseco/rack-bancada-sala-de-estar-para-tv-50-55-60-70-polegadas-sevilla-movelove-2-portas-1-gaveta-lukaliam-moveis/p/dkd57akc0d/mo/racm/
10:28:10 | INFO | OK | Botão 'Gerar link' encontrado.
10:28:11 | INFO | OK | Botão 'Gerar link' clicado.
10:28:13 | INFO | OK | Link de afiliado obtido: https://magazineluiza.onelink.me/589508454/u9rowa9o
10:28:15 | INFO | Abrindo produto: https://www.magazinevoce.com.br/magazineblackriseco/rack-sala-rubi-1-2-para-tv-ate-50-2-portas-pe-madeira-macica-moveis-bechara/p/feb36akh4g/mo/racm/
10:28:23 | INFO | OK | Botão 'Gerar link' encontrado.
10:28:24 | INFO | OK | Botão 'Gerar link' clicado.
10:28:26 | INFO | OK | Link de afiliado obtido: https://magazineluiza.onelink.me/589508454/2d5iwwos
10:28:30 | INFO | Abrindo produto: https://www.magazinevoce.com.br/magazineblackriseco/rack-sala-estar-tv-55-polegadas-madeira-white-organizador-deltre/p/bejf052e58/mo/racm/
10:28:37 | INFO | OK | Botão 'Gerar link' encontrado.
10:28:38 | INFO | OK | Botão 'Gerar link' clicado.
10:28:40 | INFO | OK | Link de afiliado obtido: https://magazineluiza.onelink.me/589508454/rtf57vou
10:28:43 | INFO | Abrindo produto: https://www.magazinevoce.com.br/magazineblackriseco/rack-prateleira-bancada-sala-tv-90-cm-pe-retro-regulaveis-digo-casa/p/da31jaj2j7/mo/racm/
10:28:50 | INFO | OK | Botão 'Gerar link' encontrado.
10:28:51 | INFO | OK | Botão 'Gerar link' clicado.
10:28:53 | INFO | OK | Link de afiliado obtido: https://magazineluiza.onelink.me/589508454/4392b3ht
10:28:57 | INFO | Abrindo produto: https://www.magazinevoce.com.br/magazineblackriseco/rack-home-classic-decoracao-casa-apartamento-pequeno-sala-estar-quarto-tv-32-polegadas-2-portas-lojas-comprou-chegou/p/bhf9h539g9/mo/racm/
10:29:02 | INFO | OK | Botão 'Gerar link' encontrado.
10:29:03 | INFO | OK | Botão 'Gerar link' clicado.
10:29:05 | INFO | OK | Link de afiliado obtido: https://magazineluiza.onelink.me/589508454/9s07248p
10:29:09 | INFO | Abrindo produto: https://www.magazinevoce.com.br/magazineblackriseco/rack-sala-com-2-prateleiras-para-tv-ate-50-branco-deltre/p/adfaa5c998/mo/rkcp/
10:29:17 | INFO | OK | Botão 'Gerar link' encontrado.
10:29:18 | INFO | OK | Botão 'Gerar link' clicado.
10:29:18 | INFO | OK | Link de afiliado obtido: https://magazineluiza.onelink.me/589508454/9986zbrp
10:29:22 | INFO | Abrindo produto: https://www.magazinevoce.com.br/magazineblackriseco/rack-para-sala-estar-malbec-wood-tv-ate-55-giga-moveis/p/kkf5ac5f1g/mo/racm/
10:29:27 | INFO | OK | Botão 'Gerar link' encontrado.
10:29:28 | INFO | OK | Botão 'Gerar link' clicado.
11:37:53 | WARNING | Error sending stats to Plausible: error sending request for url (https://plausible.io/api/event)
11:38:23 | INFO | Abrindo produto: https://www.magazinevoce.com.br/magazineblackriseco/quarto-infantil-com-guarda-roupa-4-portas-e-comoda-1-porta-100-mdf-mimo-espresso-moveis-branco-brilho-amendoa/p/jh7774jf5a/mo/qtic/
11:38:33 | INFO | OK | Preço anterior encontrado: R$ 1.712,91
11:38:38 | WARNING | REVISAR | Não consegui encontrar o preço atual. Produto: https://www.magazinevoce.com.br/magazineblackriseco/quarto-infantil-com-guarda-roupa-4-portas-e-comoda-1-porta-100-mdf-mimo-espresso-moveis-branco-brilho-amendoa/p/jh7774jf5a/mo/qtic/ | Erro: Message: 
Stacktrace:
	chromedriver!GetHandleVerifier [0x7ff7465aabb5+151b5]
	chromedriver!GetHandleVerifier [0x7ff7465aac10+15210]
	chromedriver!(No symbol) [0x7ff7460d5d6d]
	chromedriver!(No symbol) [0x7ff746131289]
	chromedriver!(No symbol) [0x7ff74613158c]
	chromedriver!(No symbol) [0x7ff746182027]
	chromedriver!(No symbol) [0x7ff74617ec0b]
	chromedriver!(No symbol) [0x7ff7461237cc]
	chromedriver!(No symbol) [0x7ff7461246f3]
	chromedriver!GetHandleVerifier [0x7ff746bcb79b+635d9b]
	chromedriver!GetHandleVerifier [0x7ff746bc5ac6+6300c6]
	chromedriver!GetHandleVerifier [0x7ff746bebcee+6562ee]
	chromedriver!GetHandleVerifier [0x7ff7465c8ffe+335fe]
	chromedriver!GetHandleVerifier [0x7ff7465d147c+3ba7c]
	chromedriver!GetHandleVerifier [0x7ff7465b4d64+1f364]
	chromedriver!GetHandleVerifier [0x7ff7465b4ef4+1f4f4]
	chromedriver!GetHandleVerifier [0x7ff746597d97+2397]
	KERNEL32!BaseThreadInitThunk [0x7ffffabdccb7+17]
	ntdll!RtlUserThreadStart [0x7ffffcf0ad6c+2c]

11:38:38 | INFO | OK | Botão 'Gerar link' encontrado.
11:38:39 | INFO | OK | Botão 'Gerar link' clicado.
11:38:40 | INFO | OK | Link de afiliado obtido: https://magazineluiza.onelink.me/589508454/e4a4x7ie
11:38:43 | INFO | Abrindo produto: https://www.magazinevoce.com.br/magazineblackriseco/armario-multiuso-clean-4-portas-6-nichos-organizador-lavanderia-quarto-cozinha-envio-imediato-dullar-moveis/p/be2k294j3c/mo/momu/
11:38:51 | INFO | OK | Preço anterior encontrado: R$ 359,99
11:38:56 | WARNING | REVISAR | Não consegui encontrar o preço atual. Produto: https://www.magazinevoce.com.br/magazineblackriseco/armario-multiuso-clean-4-portas-6-nichos-organizador-lavanderia-quarto-cozinha-envio-imediato-dullar-moveis/p/be2k294j3c/mo/momu/ | Erro: Message: 
Stacktrace:
	chromedriver!GetHandleVerifier [0x7ff7465aabb5+151b5]
	chromedriver!GetHandleVerifier [0x7ff7465aac10+15210]
	chromedriver!(No symbol) [0x7ff7460d5d6d]
	chromedriver!(No symbol) [0x7ff746131289]
	chromedriver!(No symbol) [0x7ff74613158c]
	chromedriver!(No symbol) [0x7ff746182027]
	chromedriver!(No symbol) [0x7ff74617ec0b]
	chromedriver!(No symbol) [0x7ff7461237cc]
	chromedriver!(No symbol) [0x7ff7461246f3]
	chromedriver!GetHandleVerifier [0x7ff746bcb79b+635d9b]
	chromedriver!GetHandleVerifier [0x7ff746bc5ac6+6300c6]
	chromedriver!GetHandleVerifier [0x7ff746bebcee+6562ee]
	chromedriver!GetHandleVerifier [0x7ff7465c8ffe+335fe]
	chromedriver!GetHandleVerifier [0x7ff7465d147c+3ba7c]
	chromedriver!GetHandleVerifier [0x7ff7465b4d64+1f364]
	chromedriver!GetHandleVerifier [0x7ff7465b4ef4+1f4f4]
	chromedriver!GetHandleVerifier [0x7ff746597d97+2397]
	KERNEL32!BaseThreadInitThunk [0x7ffffabdccb7+17]
	ntdll!RtlUserThreadStart [0x7ffffcf0ad6c+2c]

11:38:56 | INFO | OK | Botão 'Gerar link' encontrado.
11:38:57 | INFO | OK | Botão 'Gerar link' clicado.
11:38:57 | INFO | OK | Link de afiliado obtido: https://magazineluiza.onelink.me/589508454/4s5munnu
11:57:55 | INFO | Abrindo produto: https://www.magazinevoce.com.br/magazineblackriseco/rack-para-sala-estar-malbec-wood-tv-ate-55-giga-moveis/p/kkf5ac5f1g/mo/racm/
11:58:10 | WARNING | REVISAR | Não consegui encontrar o preço atual. Produto: https://www.magazinevoce.com.br/magazineblackriseco/rack-para-sala-estar-malbec-wood-tv-ate-55-giga-moveis/p/kkf5ac5f1g/mo/racm/ | Erro: Message: 
Stacktrace:
	chromedriver!GetHandleVerifier [0x7ff7465aabb5+151b5]
	chromedriver!GetHandleVerifier [0x7ff7465aac10+15210]
	chromedriver!(No symbol) [0x7ff7460d5d6d]
	chromedriver!(No symbol) [0x7ff746131289]
	chromedriver!(No symbol) [0x7ff74613158c]
	chromedriver!(No symbol) [0x7ff746182027]
	chromedriver!(No symbol) [0x7ff74617ec0b]
	chromedriver!(No symbol) [0x7ff7461237cc]
	chromedriver!(No symbol) [0x7ff7461246f3]
	chromedriver!GetHandleVerifier [0x7ff746bcb79b+635d9b]
	chromedriver!GetHandleVerifier [0x7ff746bc5ac6+6300c6]
	chromedriver!GetHandleVerifier [0x7ff746bebcee+6562ee]
	chromedriver!GetHandleVerifier [0x7ff7465c8ffe+335fe]
	chromedriver!GetHandleVerifier [0x7ff7465d147c+3ba7c]
	chromedriver!GetHandleVerifier [0x7ff7465b4d64+1f364]
	chromedriver!GetHandleVerifier [0x7ff7465b4ef4+1f4f4]
	chromedriver!GetHandleVerifier [0x7ff746597d97+2397]
	KERNEL32!BaseThreadInitThunk [0x7ffffabdccb7+17]
	ntdll!RtlUserThreadStart [0x7ffffcf0ad6c+2c]

11:58:10 | INFO | OK | Botão 'Gerar link' encontrado.
11:58:10 | INFO | OK | Botão 'Gerar link' clicado.
11:58:14 | INFO | OK | Link de afiliado obtido: https://magazineluiza.onelink.me/589508454/koq0pt1a
11:58:17 | INFO | Abrindo produto: https://www.magazinevoce.com.br/magazineblackriseco/rack-para-sala-tv-ate-65-polegadas-com-pes-dubai-madesa-02/p/gf5f1kdgb6/mo/racm/
11:58:24 | INFO | OK | Preço anterior encontrado: R$ 409,99
11:58:29 | WARNING | REVISAR | Não consegui encontrar o preço atual. Produto: https://www.magazinevoce.com.br/magazineblackriseco/rack-para-sala-tv-ate-65-polegadas-com-pes-dubai-madesa-02/p/gf5f1kdgb6/mo/racm/ | Erro: Message: 
Stacktrace:
	chromedriver!GetHandleVerifier [0x7ff7465aabb5+151b5]
	chromedriver!GetHandleVerifier [0x7ff7465aac10+15210]
	chromedriver!(No symbol) [0x7ff7460d5d6d]
	chromedriver!(No symbol) [0x7ff746131289]
	chromedriver!(No symbol) [0x7ff74613158c]
	chromedriver!(No symbol) [0x7ff746182027]
	chromedriver!(No symbol) [0x7ff74617ec0b]
	chromedriver!(No symbol) [0x7ff7461237cc]
	chromedriver!(No symbol) [0x7ff7461246f3]
	chromedriver!GetHandleVerifier [0x7ff746bcb79b+635d9b]
	chromedriver!GetHandleVerifier [0x7ff746bc5ac6+6300c6]
	chromedriver!GetHandleVerifier [0x7ff746bebcee+6562ee]
	chromedriver!GetHandleVerifier [0x7ff7465c8ffe+335fe]
	chromedriver!GetHandleVerifier [0x7ff7465d147c+3ba7c]
	chromedriver!GetHandleVerifier [0x7ff7465b4d64+1f364]
	chromedriver!GetHandleVerifier [0x7ff7465b4ef4+1f4f4]
	chromedriver!GetHandleVerifier [0x7ff746597d97+2397]
	KERNEL32!BaseThreadInitThunk [0x7ffffabdccb7+17]
	ntdll!RtlUserThreadStart [0x7ffffcf0ad6c+2c]

11:58:29 | INFO | OK | Botão 'Gerar link' encontrado.
11:58:30 | INFO | OK | Botão 'Gerar link' clicado.
11:58:32 | INFO | OK | Link de afiliado obtido: https://magazineluiza.onelink.me/589508454/03p1r468
11:58:34 | INFO | Abrindo produto: https://www.magazinevoce.com.br/magazineblackriseco/rack-miami-home-theater-tv-ate-55-polegadas-125-cm-1-porta-1-prateleira-sala-de-estar-preto-j-carvalho/p/dkee8eg57c/mo/racm/
11:58:41 | INFO | OK | Preço anterior encontrado: R$ 289,90
11:58:46 | WARNING | REVISAR | Não consegui encontrar o preço atual. Produto: https://www.magazinevoce.com.br/magazineblackriseco/rack-miami-home-theater-tv-ate-55-polegadas-125-cm-1-porta-1-prateleira-sala-de-estar-preto-j-carvalho/p/dkee8eg57c/mo/racm/ | Erro: Message: 
Stacktrace:
	chromedriver!GetHandleVerifier [0x7ff7465aabb5+151b5]
	chromedriver!GetHandleVerifier [0x7ff7465aac10+15210]
	chromedriver!(No symbol) [0x7ff7460d5d6d]
	chromedriver!(No symbol) [0x7ff746131289]
	chromedriver!(No symbol) [0x7ff74613158c]
	chromedriver!(No symbol) [0x7ff746182027]
	chromedriver!(No symbol) [0x7ff74617ec0b]
	chromedriver!(No symbol) [0x7ff7461237cc]
	chromedriver!(No symbol) [0x7ff7461246f3]
	chromedriver!GetHandleVerifier [0x7ff746bcb79b+635d9b]
	chromedriver!GetHandleVerifier [0x7ff746bc5ac6+6300c6]
	chromedriver!GetHandleVerifier [0x7ff746bebcee+6562ee]
	chromedriver!GetHandleVerifier [0x7ff7465c8ffe+335fe]
	chromedriver!GetHandleVerifier [0x7ff7465d147c+3ba7c]
	chromedriver!GetHandleVerifier [0x7ff7465b4d64+1f364]
	chromedriver!GetHandleVerifier [0x7ff7465b4ef4+1f4f4]
	chromedriver!GetHandleVerifier [0x7ff746597d97+2397]
	KERNEL32!BaseThreadInitThunk [0x7ffffabdccb7+17]
	ntdll!RtlUserThreadStart [0x7ffffcf0ad6c+2c]

11:58:46 | INFO | OK | Botão 'Gerar link' encontrado.
11:58:47 | INFO | OK | Botão 'Gerar link' clicado.
11:58:49 | INFO | OK | Link de afiliado obtido: https://magazineluiza.onelink.me/589508454/2hob2msb
11:58:52 | INFO | Abrindo produto: https://www.magazinevoce.com.br/magazineblackriseco/rack-tv-ate-55-polegadas-para-sala-home-multiuso-white-demoveis/p/ak2hggfg89/mo/racm/
11:59:01 | INFO | OK | Preço anterior encontrado: R$ 347,89
11:59:06 | WARNING | REVISAR | Não consegui encontrar o preço atual. Produto: https://www.magazinevoce.com.br/magazineblackriseco/rack-tv-ate-55-polegadas-para-sala-home-multiuso-white-demoveis/p/ak2hggfg89/mo/racm/ | Erro: Message: 
Stacktrace:
	chromedriver!GetHandleVerifier [0x7ff7465aabb5+151b5]
	chromedriver!GetHandleVerifier [0x7ff7465aac10+15210]
	chromedriver!(No symbol) [0x7ff7460d5d6d]
	chromedriver!(No symbol) [0x7ff746131289]
	chromedriver!(No symbol) [0x7ff74613158c]
	chromedriver!(No symbol) [0x7ff746182027]
	chromedriver!(No symbol) [0x7ff74617ec0b]
	chromedriver!(No symbol) [0x7ff7461237cc]
	chromedriver!(No symbol) [0x7ff7461246f3]
	chromedriver!GetHandleVerifier [0x7ff746bcb79b+635d9b]
	chromedriver!GetHandleVerifier [0x7ff746bc5ac6+6300c6]
	chromedriver!GetHandleVerifier [0x7ff746bebcee+6562ee]
	chromedriver!GetHandleVerifier [0x7ff7465c8ffe+335fe]
	chromedriver!GetHandleVerifier [0x7ff7465d147c+3ba7c]
	chromedriver!GetHandleVerifier [0x7ff7465b4d64+1f364]
	chromedriver!GetHandleVerifier [0x7ff7465b4ef4+1f4f4]
	chromedriver!GetHandleVerifier [0x7ff746597d97+2397]
	KERNEL32!BaseThreadInitThunk [0x7ffffabdccb7+17]
	ntdll!RtlUserThreadStart [0x7ffffcf0ad6c+2c]

11:59:06 | INFO | OK | Botão 'Gerar link' encontrado.
11:59:06 | INFO | OK | Botão 'Gerar link' clicado.
11:59:08 | INFO | OK | Link de afiliado obtido: https://magazineluiza.onelink.me/589508454/gioogwfb
11:59:11 | INFO | Abrindo produto: https://www.magazinevoce.com.br/magazineblackriseco/rack-para-tvs-ate-43-polegadas-pes-palito-retro-sala-quarto-1-porta-bancada-eder-cores-mjm-casa-dos-moveis/p/fjc932acj4/mo/racm/
11:59:28 | WARNING | REVISAR | Não consegui encontrar o preço atual. Produto: https://www.magazinevoce.com.br/magazineblackriseco/rack-para-tvs-ate-43-polegadas-pes-palito-retro-sala-quarto-1-porta-bancada-eder-cores-mjm-casa-dos-moveis/p/fjc932acj4/mo/racm/ | Erro: Message: 
Stacktrace:
	chromedriver!GetHandleVerifier [0x7ff7465aabb5+151b5]
	chromedriver!GetHandleVerifier [0x7ff7465aac10+15210]
	chromedriver!(No symbol) [0x7ff7460d5d6d]
	chromedriver!(No symbol) [0x7ff746131289]
	chromedriver!(No symbol) [0x7ff74613158c]
	chromedriver!(No symbol) [0x7ff746182027]
	chromedriver!(No symbol) [0x7ff74617ec0b]
	chromedriver!(No symbol) [0x7ff7461237cc]
	chromedriver!(No symbol) [0x7ff7461246f3]
	chromedriver!GetHandleVerifier [0x7ff746bcb79b+635d9b]
	chromedriver!GetHandleVerifier [0x7ff746bc5ac6+6300c6]
	chromedriver!GetHandleVerifier [0x7ff746bebcee+6562ee]
	chromedriver!GetHandleVerifier [0x7ff7465c8ffe+335fe]
	chromedriver!GetHandleVerifier [0x7ff7465d147c+3ba7c]
	chromedriver!GetHandleVerifier [0x7ff7465b4d64+1f364]
	chromedriver!GetHandleVerifier [0x7ff7465b4ef4+1f4f4]
	chromedriver!GetHandleVerifier [0x7ff746597d97+2397]
	KERNEL32!BaseThreadInitThunk [0x7ffffabdccb7+17]
	ntdll!RtlUserThreadStart [0x7ffffcf0ad6c+2c]

11:59:28 | INFO | OK | Botão 'Gerar link' encontrado.
11:59:28 | INFO | OK | Botão 'Gerar link' clicado.
11:59:30 | INFO | OK | Link de afiliado obtido: https://magazineluiza.onelink.me/589508454/uz3zqc2f
11:59:33 | INFO | Abrindo produto: https://www.magazinevoce.com.br/magazineblackriseco/rack-para-tv-70-suspenso-grecia-movelove-1-80m-mdf-off-white-new-3-portas-com-nicho-sala-de-estar-lukaliam-moveis/p/jf11eb7b8f/mo/rkcp/
11:59:50 | WARNING | REVISAR | Não consegui encontrar o preço atual. Produto: https://www.magazinevoce.com.br/magazineblackriseco/rack-para-tv-70-suspenso-grecia-movelove-1-80m-mdf-off-white-new-3-portas-com-nicho-sala-de-estar-lukaliam-moveis/p/jf11eb7b8f/mo/rkcp/ | Erro: Message: 
Stacktrace:
	chromedriver!GetHandleVerifier [0x7ff7465aabb5+151b5]
	chromedriver!GetHandleVerifier [0x7ff7465aac10+15210]
	chromedriver!(No symbol) [0x7ff7460d5d6d]
	chromedriver!(No symbol) [0x7ff746131289]
	chromedriver!(No symbol) [0x7ff74613158c]
	chromedriver!(No symbol) [0x7ff746182027]
	chromedriver!(No symbol) [0x7ff74617ec0b]
	chromedriver!(No symbol) [0x7ff7461237cc]
	chromedriver!(No symbol) [0x7ff7461246f3]
	chromedriver!GetHandleVerifier [0x7ff746bcb79b+635d9b]
	chromedriver!GetHandleVerifier [0x7ff746bc5ac6+6300c6]
	chromedriver!GetHandleVerifier [0x7ff746bebcee+6562ee]
	chromedriver!GetHandleVerifier [0x7ff7465c8ffe+335fe]
	chromedriver!GetHandleVerifier [0x7ff7465d147c+3ba7c]
	chromedriver!GetHandleVerifier [0x7ff7465b4d64+1f364]
	chromedriver!GetHandleVerifier [0x7ff7465b4ef4+1f4f4]
	chromedriver!GetHandleVerifier [0x7ff746597d97+2397]
	KERNEL32!BaseThreadInitThunk [0x7ffffabdccb7+17]
	ntdll!RtlUserThreadStart [0x7ffffcf0ad6c+2c]

11:59:50 | INFO | OK | Botão 'Gerar link' encontrado.
12:09:53 | INFO | Abrindo produto: https://www.magazinevoce.com.br/magazineblackriseco/armario-de-cozinha-compacta-demobile-select-com-balcao-nicho-para-micro-ondas-6-portas-2-gavetas/p/234470600/mo/moac/
12:10:05 | INFO | OK | Preço anterior encontrado: R$ 1.099,00
12:10:05 | INFO | OK | Preço atual encontrado: ou R$ 759,99
12:10:05 | INFO | OK | Botão 'Gerar link' encontrado.
12:10:06 | INFO | OK | Botão 'Gerar link' clicado.
12:10:07 | INFO | OK | Link de afiliado obtido: https://magazineluiza.onelink.me/589508454/ll40r5su
12:10:10 | INFO | Abrindo produto: https://www.magazinevoce.com.br/magazineblackriseco/armario-de-cozinha-compacto-8-portas-2-gavetass-com-nicho-vogue-kits-parana/p/jhfe09bh6k/mo/moac/
12:10:19 | INFO | OK | Preço anterior encontrado: R$ 615,88
12:10:19 | INFO | OK | Preço atual encontrado: ou R$ 416,42
12:10:19 | INFO | OK | Botão 'Gerar link' encontrado.
12:10:19 | INFO | OK | Botão 'Gerar link' clicado.
12:10:21 | INFO | OK | Link de afiliado obtido: https://magazineluiza.onelink.me/589508454/79touoon
12:10:24 | INFO | Abrindo produto: https://www.magazinevoce.com.br/magazineblackriseco/armario-de-cozinha-compacta-itatiaia-amanda-aco-com-balcao-10-portas-1-gaveta/p/237989500/mo/moac/
12:10:30 | INFO | OK | Preço anterior encontrado: R$ 1.199,00
12:10:30 | INFO | OK | Preço atual encontrado: ou R$ 989,99
12:10:30 | INFO | OK | Botão 'Gerar link' encontrado.
12:10:30 | INFO | OK | Botão 'Gerar link' clicado.
12:10:31 | INFO | OK | Link de afiliado obtido: https://magazineluiza.onelink.me/589508454/a7ocaoqn
12:10:34 | INFO | Abrindo produto: https://www.magazinevoce.com.br/magazineblackriseco/armario-de-cozinha-compacta-196cm-aura-madesa/p/bba6734eeh/mo/moac/
12:10:39 | INFO | OK | Preço anterior encontrado: R$ 799,99
12:10:39 | INFO | OK | Preço atual encontrado: ou R$ 577,99
12:10:39 | INFO | OK | Botão 'Gerar link' encontrado.
12:10:40 | INFO | OK | Botão 'Gerar link' clicado.
12:10:41 | INFO | OK | Link de afiliado obtido: https://magazineluiza.onelink.me/589508454/g1cvkg51
12:10:45 | INFO | Abrindo produto: https://www.magazinevoce.com.br/magazineblackriseco/armario-de-cozinha-compacta-sofia-multimoveis-preta/p/cj42317a5a/mo/moac/
12:10:58 | INFO | OK | Preço atual encontrado: ou R$ 494,99
12:10:58 | INFO | OK | Botão 'Gerar link' encontrado.
12:10:58 | INFO | OK | Botão 'Gerar link' clicado.
12:10:59 | INFO | OK | Link de afiliado obtido: https://magazineluiza.onelink.me/589508454/arjf9myd
12:11:01 | INFO | Abrindo produto: https://www.magazinevoce.com.br/magazineblackriseco/armario-de-cozinha-aereo-itatiaia-rose-arm-105-3-portas-105x40cm/p/237989400/mo/moac/
12:11:09 | INFO | OK | Preço anterior encontrado: R$ 300,00
12:11:10 | INFO | OK | Preço atual encontrado: ou R$ 242,99
12:11:10 | INFO | OK | Botão 'Gerar link' encontrado.
12:11:10 | INFO | OK | Botão 'Gerar link' clicado.
12:11:11 | INFO | OK | Link de afiliado obtido: https://magazineluiza.onelink.me/589508454/ckptlush
